// Jest Snapshot v1, https://goo.gl/fbAQLP

exports[`RepoDetails should render RepoDetails component correctly 1`] = `
Array [
  <div
    className="ucard__avatar"
  >
    <img
      className="ucard__avatar__img"
      draggable="false"
      src="https://avatars.githubusercontent.com/u/80134?v=4"
    />
  </div>,
  <div
    className="ucard__name"
  >
    <h2>
      jfcmacro/ewe
    </h2>
  </div>,
  <div
    className="flex"
  >
    <span
      className="ucard__text"
    >
      <span
        className="ucard__label"
      >
        Description
      </span>
      An Haskell Implementation of the EWE (Kent) Programming Language, an extension of the RAM Language (Sethi).
    </span>
  </div>,
  <div
    className="flex"
  >
    <span
      className="ucard__text"
    >
      <span
        className="ucard__label"
      >
        Forks
      </span>
      3
    </span>
  </div>,
  <div
    className="flex"
  >
    <span
      className="ucard__text"
    >
      <span
        className="ucard__label"
      >
        Watchers
      </span>
      7
    </span>
  </div>,
  <div
    className="flex"
  >
    <span
      className="ucard__text"
    >
      <span
        className="ucard__label"
      >
        Open Issues
      </span>
      0
    </span>
  </div>,
  <div
    className="flex"
  >
    <span
      className="ucard__text"
    >
      <span
        className="ucard__label"
      >
        License
      </span>
      Other
    </span>
  </div>,
  <div
    className="flex"
    onClick={[Function]}
  >
    <span
      className="ucard__text"
    >
      <i
        className="fa fa-arrow-circle-right ucard__icon"
      />
    </span>
  </div>,
]
`;
